Symbol: BADOPC (mon09.s) = EAE1
Symbol: BANK00 (mon09.s) = DF50
Symbol: BANK40 (mon09.s) = DF51
Symbol: BANK80 (mon09.s) = DF52
Symbol: BANKC0 (mon09.s) = DF53
Symbol: BRKREG (mon09.s) = ED6E
Symbol: BRKRES (mon09.s) = ED71
Symbol: BRKTAB (mon09.s) = BF1F
Symbol: BSAVOF (mon09.s) = E9DA
Symbol: CCBITS (mon09.s) = E404
Symbol: CHG1 (mon09.s) = E417
Symbol: CHG2 (mon09.s) = E423
Symbol: CHG3 (mon09.s) = E454
Symbol: CHG4 (mon09.s) = E43A
Symbol: CHGREG (mon09.s) = E40C
Symbol: CHGTAB (mon09.s) = E457
Symbol: CHGV1 (mon09.s) = E369
Symbol: CHGV2 (mon09.s) = E371
Symbol: CHGV3 (mon09.s) = E377
Symbol: CHGV4 (mon09.s) = E382
Symbol: CHGVEC (mon09.s) = E35E
Symbol: CHKC1 (mon09.s) = E828
Symbol: CHKC3 (mon09.s) = E83B
Symbol: CHKCHR (mon09.s) = E81F
Symbol: CLRRAM (mon09.s) = E020
Symbol: CMDTAB (mon09.s) = E1DE
Symbol: CONTAB (mon09.s) = F2FA
Symbol: DEC1 (mon09.s) = EBC8
Symbol: DIRECT (mon09.s) = EB20
Symbol: DISA1 (mon09.s) = EAB7
Symbol: DISASM (mon09.s) = E305
Symbol: DISASS (mon09.s) = EAAE
Symbol: DISREG (mon09.s) = E390
Symbol: DISS1 (mon09.s) = E313
Symbol: DISS2 (mon09.s) = E326
Symbol: DISV1 (mon09.s) = E32E
Symbol: DISVEC (mon09.s) = E327
Symbol: DJMPDI (mon09.s) = E96B
Symbol: DJMPEX (mon09.s) = E95B
Symbol: DJMPIN (mon09.s) = E987
Symbol: DLEOF (mon09.s) = E6B0
Symbol: DLINT (mon09.s) = E6B1
Symbol: DLINT1 (mon09.s) = E6E7
Symbol: DLMOT (mon09.s) = E64A
Symbol: DLMOT1 (mon09.s) = E682
Symbol: DLO1 (mon09.s) = E62F
Symbol: DLO2 (mon09.s) = E63C
Symbol: DLOAD (mon09.s) = E63F
Symbol: DLRTS (mon09.s) = E6AE
Symbol: DOPUL (mon09.s) = E92E
Symbol: DOPUL1 (mon09.s) = E932
Symbol: DOPUL2 (mon09.s) = E949
Symbol: DOPUL3 (mon09.s) = E945
Symbol: DSPBUF (mon09.s) = BF37
Symbol: END1 (mon09.s) = EC91
Symbol: END2 (mon09.s) = EC9F
Symbol: END3 (mon09.s) = ECA9
Symbol: END4 (mon09.s) = ECBC
Symbol: END5 (mon09.s) = ECB6
Symbol: END6 (mon09.s) = ECB8
Symbol: ENDIS (mon09.s) = EC7B
Symbol: ENDIS1 (mon09.s) = EB36
Symbol: ERROR (mon09.s) = E1D6
Symbol: EVL1 (mon09.s) = EB62
Symbol: EVL2 (mon09.s) = EB6D
Symbol: EVL3 (mon09.s) = EB75
Symbol: EVL4 (mon09.s) = EB7D
Symbol: EVL5 (mon09.s) = EB87
Symbol: EVL6 (mon09.s) = EB92
Symbol: EVL7 (mon09.s) = EB9D
Symbol: EVLEND (mon09.s) = EBE4
Symbol: EVLFIN (mon09.s) = EBE6
Symbol: EVLX1 (mon09.s) = EB5D
Symbol: EXTEND (mon09.s) = EB2E
Symbol: FILL1 (mon09.s) = E23D
Symbol: FILMEM (mon09.s) = E22F
Symbol: FIRQ (mon09.s) = F36D
Symbol: FIRQADR (mon09.s) = BF08
Symbol: FNDO1 (mon09.s) = EAF8
Symbol: FNDO2 (mon09.s) = EAFF
Symbol: FNDOPC (mon09.s) = EAE5
Symbol: GETAD1 (mon09.s) = E741
Symbol: GETAD2 (mon09.s) = E74D
Symbol: GETAD3 (mon09.s) = E74E
Symbol: GETAD4 (mon09.s) = E773
Symbol: GETAD5 (mon09.s) = E77F
Symbol: GETADR (mon09.s) = E73A
Symbol: GETB1 (mon09.s) = E795
Symbol: GETB2 (mon09.s) = E793
Symbol: GETB3 (mon09.s) = E796
Symbol: GETB4 (mon09.s) = E791
Symbol: GETBYT (mon09.s) = E781
Symbol: GETC1 (mon09.s) = E80F
Symbol: GETCHR (mon09.s) = E80D
Symbol: GETECH (mon09.s) = E7ED
Symbol: GETERR (mon09.s) = E73E
Symbol: GETN1 (mon09.s) = E7B6
Symbol: GETN2 (mon09.s) = E7B9
Symbol: GETNIB (mon09.s) = E7A3
Symbol: GETPC (mon09.s) = E705
Symbol: GETPC1 (mon09.s) = E719
Symbol: GETRNG (mon09.s) = E71D
Symbol: GOEX3 (mon09.s) = E46F
Symbol: GOEX4 (mon09.s) = E47C
Symbol: GOEXEC (mon09.s) = E461
Symbol: HELP (mon09.s) = E5FE
Symbol: HEXADD (mon09.s) = E5CB
Symbol: HEXOUT (mon09.s) = E7C0
Symbol: HEXSHO (mon09.s) = E5EF
Symbol: HEXSUB (mon09.s) = E5DC
Symbol: HLP1 (mon09.s) = E601
Symbol: HLP2 (mon09.s) = E603
Symbol: HLP3 (mon09.s) = E611
Symbol: HLP4 (mon09.s) = E61F
Symbol: HLP5 (mon09.s) = E62B
Symbol: HOUT (mon09.s) = E7CA
Symbol: HOUT1 (mon09.s) = E7D4
Symbol: HTEXT (mon09.s) = F371
Symbol: IMM16 (mon09.s) = EB17
Symbol: IMM8 (mon09.s) = EB11
Symbol: INC1 (mon09.s) = EBF7
Symbol: INDEX (mon09.s) = EB39
Symbol: INDTAB (mon09.s) = F337
Symbol: INIT (mon09.s) = F61C
Symbol: INSR1 (mon09.s) = EB85
Symbol: INSRAM (mon09.s) = BF69
Symbol: INSREG (mon09.s) = EBB3
Symbol: INSTYP (mon09.s) = BF1D
Symbol: IRQ (mon09.s) = F369
Symbol: IRQADR (mon09.s) = BF06
Symbol: ITABLE (mon09.s) = F0E6
Symbol: JMPDIR (mon09.s) = E967
Symbol: JMPEXT (mon09.s) = E957
Symbol: JMPIND (mon09.s) = E981
Symbol: JSRDIR (mon09.s) = E95F
Symbol: JSREXT (mon09.s) = E94F
Symbol: JSRIND (mon09.s) = E972
Symbol: LBRAN (mon09.s) = EC72
Symbol: LBRAN1 (mon09.s) = E87D
Symbol: LBRANS (mon09.s) = E883
Symbol: LCBRAN (mon09.s) = E863
Symbol: LFC1 (mon09.s) = E809
Symbol: LFCR (mon09.s) = E801
Symbol: LOAD (mon09.s) = E62C
Symbol: LOBRAN (mon09.s) = E879
Symbol: LODERR (mon09.s) = E69B
Symbol: LOK1 (mon09.s) = E8DA
Symbol: LOK2 (mon09.s) = E8CF
Symbol: LOKREG (mon09.s) = E8C2
Symbol: LOOK1 (mon09.s) = E1AC
Symbol: LOOK2 (mon09.s) = E1B8
Symbol: LOOK3 (mon09.s) = E1CF
Symbol: LOOKC (mon09.s) = E1A6
Symbol: MAIN (mon09.s) = E198
Symbol: MEM1 (mon09.s) = E267
Symbol: MEM2 (mon09.s) = E27A
Symbol: MEM3 (mon09.s) = E284
Symbol: MEM4 (mon09.s) = E28E
Symbol: MEM5 (mon09.s) = E298
Symbol: MEM6 (mon09.s) = E2A2
Symbol: MEM7 (mon09.s) = E2A4
Symbol: MEMORY (mon09.s) = E261
Symbol: MONITOR (mon09.s) = E02E
Symbol: MONUART0 (mon09.s) = DF58
Symbol: MONUART1 (mon09.s) = DF59
Symbol: MONUART2 (mon09.s) = DF5A
Symbol: MONUART3 (mon09.s) = DF5B
Symbol: MONUART4 (mon09.s) = DF5C
Symbol: MONUART5 (mon09.s) = DF5D
Symbol: MONUART6 (mon09.s) = DF5E
Symbol: MONUART7 (mon09.s) = DF5F
Symbol: MOVM1 (mon09.s) = E255
Symbol: MOVMEM (mon09.s) = E247
Symbol: NINXIN (mon09.s) = EA2C
Symbol: NMIH1 (mon09.s) = ECEC
Symbol: NMIHND (mon09.s) = ECE7
Symbol: NO5BO (mon09.s) = EB49
Symbol: NOCHR (mon09.s) = F63E
Symbol: NODEC (mon09.s) = EBCA
Symbol: NOINC (mon09.s) = EBF9
Symbol: NOIND (mon09.s) = EB51
Symbol: NOIND1 (mon09.s) = EC06
Symbol: NORE1 (mon09.s) = EA35
Symbol: NORE2 (mon09.s) = EA41
Symbol: NORE3 (mon09.s) = EA6C
Symbol: NOREXE (mon09.s) = EA30
Symbol: NOT5BO (mon09.s) = E9AE
Symbol: OP16 (mon09.s) = EB31
Symbol: OP8 (mon09.s) = EB27
Symbol: OPFIND (mon09.s) = EAD3
Symbol: OPFNXT (mon09.s) = EAD1
Symbol: OPTAB1 (mon09.s) = EDBC
Symbol: OPTAB2 (mon09.s) = F056
Symbol: OPTAB3 (mon09.s) = F0CB
Symbol: PCRG (mon09.s) = ED87
Symbol: POSBYT (mon09.s) = BF1E
Symbol: PSH1 (mon09.s) = EC11
Symbol: PSH2 (mon09.s) = EC2A
Symbol: PSH3 (mon09.s) = EC3E
Symbol: PSH4 (mon09.s) = EC23
Symbol: PSHNXT (mon09.s) = EC39
Symbol: PSHPC (mon09.s) = E978
Symbol: PSHPUL (mon09.s) = EC09
Symbol: PSHTAB (mon09.s) = EDAB
Symbol: PTRSAV (mon09.s) = BF1B
Symbol: PUL16 (mon09.s) = E941
Symbol: PULSTAB (mon09.s) = F341
Symbol: PULUTAB (mon09.s) = F351
Symbol: PUTCHR (mon09.s) = E818
Symbol: R16 (mon09.s) = E448
Symbol: R17 (mon09.s) = E44F
Symbol: RAM (mon09.s) = BF00
Symbol: RAM0 (mon09.s) = E50B
Symbol: RAM1 (mon09.s) = E512
Symbol: RAM2 (mon09.s) = E532
Symbol: RAM3 (mon09.s) = E540
Symbol: RAM4 (mon09.s) = E549
Symbol: RAM5 (mon09.s) = E553
Symbol: RAM6 (mon09.s) = E559
Symbol: RAM7 (mon09.s) = E58C
Symbol: RAM8 (mon09.s) = E5BF
Symbol: RAMTEST (mon09.s) = E4FA
Symbol: RBITS (mon09.s) = E3AE
Symbol: RDLOOP (mon09.s) = E4A0
Symbol: RDLP1 (mon09.s) = E4A8
Symbol: READ (mon09.s) = F631
Symbol: REGB1 (mon09.s) = E3A7
Symbol: REGTAB (mon09.s) = ED8B
Symbol: REGTXT (mon09.s) = E3DA
Symbol: RESET (mon09.s) = E000
Symbol: ROM (mon09.s) = E000
Symbol: RSUB1 (mon09.s) = E3CA
Symbol: RSUB2 (mon09.s) = E3D2
Symbol: RSVREG (mon09.s) = EA07
Symbol: SAIREG (mon09.s) = EB83
Symbol: SAVA (mon09.s) = BF0B
Symbol: SAVADR (mon09.s) = EC78
Symbol: SAVB (mon09.s) = BF0C
Symbol: SAVCC (mon09.s) = BF0A
Symbol: SAVDP (mon09.s) = BF0D
Symbol: SAVNPC (mon09.s) = E8B7
Symbol: SAVPC (mon09.s) = BF14
Symbol: SAVS (mon09.s) = BF16
Symbol: SAVSTK (mon09.s) = E8AD
Symbol: SAVU (mon09.s) = BF12
Symbol: SAVX (mon09.s) = BF0E
Symbol: SAVXPC (mon09.s) = EA24
Symbol: SAVY (mon09.s) = BF10
Symbol: SBRAN (mon09.s) = EC67
Symbol: SBRAN1 (mon09.s) = E89F
Symbol: SBRANS (mon09.s) = E8A5
Symbol: SCOBRA (mon09.s) = E88D
Symbol: SETOP2 (mon09.s) = EACE
Symbol: SHBRAN (mon09.s) = E89B
Symbol: SINOK (mon09.s) = E9AA
Symbol: SPACE (mon09.s) = E7FB
Symbol: STACK (mon09.s) = BFF0
Symbol: STDPC (mon09.s) = E908
Symbol: STEP (mon09.s) = E850
Symbol: STEPCE (mon09.s) = E85A
Symbol: STEPDI (mon09.s) = E83F
Symbol: STPFLG (mon09.s) = BF1A
Symbol: SUBM1 (mon09.s) = E2C7
Symbol: SUBM2 (mon09.s) = E2D1
Symbol: SUBM3 (mon09.s) = E2E5
Symbol: SUBM4 (mon09.s) = E2EC
Symbol: SUBM5 (mon09.s) = E2FB
Symbol: SUBMEM (mon09.s) = E2C2
Symbol: SWI2 (mon09.s) = F365
Symbol: SWI2ADR (mon09.s) = BF02
Symbol: SWI3 (mon09.s) = F361
Symbol: SWI3ADR (mon09.s) = BF04
Symbol: SWIADR (mon09.s) = BF00
Symbol: SWIHN1 (mon09.s) = ED1C
Symbol: SWIHN2 (mon09.s) = ED30
Symbol: SWIHN25 (mon09.s) = ED38
Symbol: SWIHN3 (mon09.s) = ED76
Symbol: SWIHN4 (mon09.s) = ED7F
Symbol: SWIHND (mon09.s) = ED12
Symbol: TADEC1 (mon09.s) = E9F9
Symbol: TADEC2 (mon09.s) = EA01
Symbol: TAINC1 (mon09.s) = E9E9
Symbol: TAINC2 (mon09.s) = E9F1
Symbol: TEIND (mon09.s) = EA22
Symbol: TEMP (mon09.s) = BF18
Symbol: TFREGT (mon09.s) = F335
Symbol: TFRET (mon09.s) = EC66
Symbol: TFREXG (mon09.s) = EC41
Symbol: TFRREG (mon09.s) = EC57
Symbol: TOFF16 (mon09.s) = E9C0
Symbol: TOFF8 (mon09.s) = E9B8
Symbol: TOFFA (mon09.s) = E9CA
Symbol: TOFFB (mon09.s) = E9D3
Symbol: TOFFD (mon09.s) = E9DE
Symbol: TPCO16 (mon09.s) = EA18
Symbol: TPCO8 (mon09.s) = EA0E
Symbol: TPULS (mon09.s) = E90C
Symbol: TPULU (mon09.s) = E91D
Symbol: TSTC0 (mon09.s) = EA94
Symbol: TSTC1 (mon09.s) = EAA2
Symbol: TSTC2 (mon09.s) = EAAC
Symbol: TSTCON (mon09.s) = EA8C
Symbol: TSTE1 (mon09.s) = E8F6
Symbol: TSTE2 (mon09.s) = E8F8
Symbol: TSTEXG (mon09.s) = E8DF
Symbol: TSTRTS (mon09.s) = E8FC
Symbol: TSTTFR (mon09.s) = E8BB
Symbol: VECTXT (mon09.s) = E33D
Symbol: WRDOUT (mon09.s) = E7BC
Symbol: WRHEX (mon09.s) = ECD0
Symbol: WRHEX1 (mon09.s) = ECCE
Symbol: WRHEXB (mon09.s) = ECBE
Symbol: WRHEXN (mon09.s) = ECDA
Symbol: WRHEXW (mon09.s) = ECC6
Symbol: WRIMEM (mon09.s) = E2B2
Symbol: WRITE (mon09.s) = F641
Symbol: WRLIN (mon09.s) = E7E0
Symbol: WRLND (mon09.s) = E7EC
Symbol: WRLOOP (mon09.s) = E4B0
Symbol: WRLP1 (mon09.s) = E4C4
Symbol: WRMSG (mon09.s) = E7D6
Symbol: WRNOK (mon09.s) = ECE4
Symbol: WRPCRG (mon09.s) = EBA6
Symbol: WRPR1 (mon09.s) = EBA9
Symbol: XRLOOP (mon09.s) = E4CF
Symbol: XRLP1 (mon09.s) = E4D7
Symbol: XSAVPC (mon09.s) = EA0C
Symbol: XWLOOP (mon09.s) = E4DF
Symbol: XWLP1 (mon09.s) = E4EF
