Fitter report for Z80-processor-DMA
Sun Sep 03 21:17:54 2023
Quartus II 32-bit Version 13.0.1 Build 232 06/12/2013 Service Pack 1 SJ Web Edition


---------------------
; Table of Contents ;
---------------------
  1. Legal Notice
  2. Fitter Summary
  3. Fitter Settings
  4. Parallel Compilation
  5. Pin-Out File
  6. Fitter Resource Usage Summary
  7. Input Pins
  8. Output Pins
  9. All Package Pins
 10. I/O Standard
 11. Dedicated Inputs I/O
 12. Output Pin Default Load For Reported TCO
 13. Fitter Resource Utilization by Entity
 14. Control Signals
 15. Global & Other Fast Signals
 16. Non-Global High Fan-Out Signals
 17. Other Routing Usage Summary
 18. LAB Macrocells
 19. Parallel Expander
 20. Shareable Expander
 21. Logic Cell Interconnection
 22. Fitter Device Options
 23. Fitter Messages



----------------
; Legal Notice ;
----------------
Copyright (C) 1991-2013 Altera Corporation
Your use of Altera Corporation's design tools, logic functions 
and other software and tools, and its AMPP partner logic 
functions, and any output files from any of the foregoing 
(including device programming or simulation files), and any 
associated documentation or information are expressly subject 
to the terms and conditions of the Altera Program License 
Subscription Agreement, Altera MegaCore Function License 
Agreement, or other applicable license agreement, including, 
without limitation, that your use is for the sole purpose of 
programming logic devices manufactured by Altera and sold by 
Altera or its authorized distributors.  Please refer to the 
applicable agreement for further details.



+-----------------------------------------------------------------------------+
; Fitter Summary                                                              ;
+---------------------------+-------------------------------------------------+
; Fitter Status             ; Successful - Sun Sep 03 21:17:54 2023           ;
; Quartus II 32-bit Version ; 13.0.1 Build 232 06/12/2013 SP 1 SJ Web Edition ;
; Revision Name             ; Z80-processor-DMA                               ;
; Top-level Entity Name     ; Z80-processor-DMA                               ;
; Family                    ; MAX7000S                                        ;
; Device                    ; EPM7064SLC84-10                                 ;
; Timing Models             ; Final                                           ;
; Total macrocells          ; 33 / 64 ( 52 % )                                ;
; Total pins                ; 51 / 68 ( 75 % )                                ;
+---------------------------+-------------------------------------------------+


+--------------------------------------------------------------------------------------------------------------+
; Fitter Settings                                                                                              ;
+----------------------------------------------------------------------------+-----------------+---------------+
; Option                                                                     ; Setting         ; Default Value ;
+----------------------------------------------------------------------------+-----------------+---------------+
; Device                                                                     ; EPM7064SLC84-10 ;               ;
; Use smart compilation                                                      ; Off             ; Off           ;
; Enable parallel Assembler and TimeQuest Timing Analyzer during compilation ; On              ; On            ;
; Enable compact report table                                                ; Off             ; Off           ;
; Optimize Multi-Corner Timing                                               ; Off             ; Off           ;
; Optimize Timing for ECOs                                                   ; Off             ; Off           ;
; Regenerate full fit report during ECO compiles                             ; Off             ; Off           ;
; Optimize IOC Register Placement for Timing                                 ; Normal          ; Normal        ;
; Fitter Initial Placement Seed                                              ; 1               ; 1             ;
; Slow Slew Rate                                                             ; Off             ; Off           ;
; Fitter Effort                                                              ; Auto Fit        ; Auto Fit      ;
; Force Fitter to Avoid Periphery Placement Warnings                         ; Off             ; Off           ;
+----------------------------------------------------------------------------+-----------------+---------------+


Parallel compilation was disabled, but you have multiple processors available. Enable parallel compilation to reduce compilation time.
+-------------------------------------+
; Parallel Compilation                ;
+----------------------------+--------+
; Processors                 ; Number ;
+----------------------------+--------+
; Number detected on machine ; 4      ;
; Maximum allowed            ; 1      ;
+----------------------------+--------+


+--------------+
; Pin-Out File ;
+--------------+
The pin-out file can be found in C:/Users/Andrew/Desktop/System CD Updates/data/Quartus/z80-processor-DMA/output_files/Z80-processor-DMA.pin.


+-------------------------------------------------+
; Fitter Resource Usage Summary                   ;
+------------------------------+------------------+
; Resource                     ; Usage            ;
+------------------------------+------------------+
; Logic cells                  ; 33 / 64 ( 52 % ) ;
; Registers                    ; 4 / 64 ( 6 % )   ;
; Number of pterms used        ; 112              ;
; I/O pins                     ; 51 / 68 ( 75 % ) ;
;     -- Clock pins            ; 0 / 2 ( 0 % )    ;
;     -- Dedicated input pins  ; 2 / 2 ( 100 % )  ;
;                              ;                  ;
; Global signals               ; 1                ;
; Shareable expanders          ; 3 / 64 ( 5 % )   ;
; Parallel expanders           ; 13 / 60 ( 22 % ) ;
; Cells using turbo bit        ; 33 / 64 ( 52 % ) ;
; Maximum fan-out              ; 13               ;
; Highest non-global fan-out   ; 13               ;
; Total fan-out                ; 182              ;
; Average fan-out              ; 2.09             ;
+------------------------------+------------------+


+-------------------------------------------------------------------------------------------------------------------------------------------------------+
; Input Pins                                                                                                                                            ;
+-----------------+-------+----------+-----+-----------------------+--------------------+--------+----------------+--------------+----------------------+
; Name            ; Pin # ; I/O Bank ; LAB ; Combinational Fan-Out ; Registered Fan-Out ; Global ; Input Register ; I/O Standard ; Location assigned by ;
+-----------------+-------+----------+-----+-----------------------+--------------------+--------+----------------+--------------+----------------------+
; CPU-D0          ; 37    ; --       ; 2   ; 1                     ; 0                  ; no     ; no             ; TTL          ; Fitter               ;
; CPU-D1          ; 46    ; --       ; 3   ; 1                     ; 0                  ; no     ; no             ; TTL          ; Fitter               ;
; CPU-D2          ; 76    ; --       ; 4   ; 1                     ; 0                  ; no     ; no             ; TTL          ; Fitter               ;
; CPU-D3          ; 75    ; --       ; 4   ; 1                     ; 0                  ; no     ; no             ; TTL          ; Fitter               ;
; CPUxA0          ; 27    ; --       ; 2   ; 3                     ; 0                  ; no     ; no             ; TTL          ; Fitter               ;
; CPUxA1          ; 34    ; --       ; 2   ; 5                     ; 0                  ; no     ; no             ; TTL          ; Fitter               ;
; CPUxA2          ; 20    ; --       ; 1   ; 4                     ; 0                  ; no     ; no             ; TTL          ; Fitter               ;
; CPUxA3          ; 24    ; --       ; 2   ; 7                     ; 0                  ; no     ; no             ; TTL          ; Fitter               ;
; CPUxA4          ; 49    ; --       ; 3   ; 7                     ; 0                  ; no     ; no             ; TTL          ; Fitter               ;
; CPUxA5          ; 52    ; --       ; 3   ; 7                     ; 0                  ; no     ; no             ; TTL          ; Fitter               ;
; CPUxA6          ; 51    ; --       ; 3   ; 13                    ; 0                  ; no     ; no             ; TTL          ; Fitter               ;
; CPUxA7          ; 50    ; --       ; 3   ; 7                     ; 0                  ; no     ; no             ; TTL          ; Fitter               ;
; Q2              ; 15    ; --       ; 1   ; 4                     ; 0                  ; no     ; no             ; TTL          ; Fitter               ;
; Q3              ; 16    ; --       ; 1   ; 5                     ; 0                  ; no     ; no             ; TTL          ; Fitter               ;
; Q4              ; 69    ; --       ; 4   ; 4                     ; 0                  ; no     ; no             ; TTL          ; Fitter               ;
; Q5              ; 18    ; --       ; 1   ; 4                     ; 0                  ; no     ; no             ; TTL          ; Fitter               ;
; Q6              ; 81    ; --       ; 4   ; 7                     ; 0                  ; no     ; no             ; TTL          ; Fitter               ;
; Q7              ; 80    ; --       ; 4   ; 4                     ; 0                  ; no     ; no             ; TTL          ; Fitter               ;
; R4              ; 25    ; --       ; 2   ; 3                     ; 0                  ; no     ; no             ; TTL          ; Fitter               ;
; R5              ; 56    ; --       ; 3   ; 3                     ; 0                  ; no     ; no             ; TTL          ; Fitter               ;
; R6              ; 58    ; --       ; 3   ; 6                     ; 0                  ; no     ; no             ; TTL          ; Fitter               ;
; R7              ; 11    ; --       ; 1   ; 3                     ; 0                  ; no     ; no             ; TTL          ; Fitter               ;
; ~BUSRQ          ; 10    ; --       ; 1   ; 6                     ; 0                  ; no     ; no             ; TTL          ; Fitter               ;
; ~CPUxBUSACK     ; 84    ; --       ; --  ; 6                     ; 0                  ; no     ; no             ; TTL          ; Fitter               ;
; ~CPUxIORQ       ; 61    ; --       ; 3   ; 7                     ; 0                  ; no     ; no             ; TTL          ; Fitter               ;
; ~CPUxM1         ; 60    ; --       ; 3   ; 7                     ; 0                  ; no     ; no             ; TTL          ; Fitter               ;
; ~CPUxRESET      ; 1     ; --       ; --  ; 6                     ; 0                  ; yes    ; no             ; TTL          ; Fitter               ;
; ~CPUxWAIT       ; 74    ; --       ; 4   ; 3                     ; 0                  ; no     ; no             ; TTL          ; Fitter               ;
; ~CPUxWR         ; 68    ; --       ; 4   ; 1                     ; 0                  ; no     ; no             ; TTL          ; Fitter               ;
; ~DMAxBAO2       ; 67    ; --       ; 4   ; 1                     ; 0                  ; no     ; no             ; TTL          ; Fitter               ;
; ~DMAxINTxPULSE1 ; 79    ; --       ; 4   ; 1                     ; 0                  ; no     ; no             ; TTL          ; Fitter               ;
; ~DMAxINTxPULSE2 ; 35    ; --       ; 2   ; 1                     ; 0                  ; no     ; no             ; TTL          ; Fitter               ;
; ~DREQ0          ; 70    ; --       ; 4   ; 1                     ; 0                  ; no     ; no             ; TTL          ; Fitter               ;
; ~DREQ1          ; 17    ; --       ; 1   ; 1                     ; 0                  ; no     ; no             ; TTL          ; Fitter               ;
+-----------------+-------+----------+-----+-----------------------+--------------------+--------+----------------+--------------+----------------------+


+-------------------------------------------------------------------------------------------------------------------------------------------------------------------------------------------------+
; Output Pins                                                                                                                                                                                     ;
+-------------+-------+----------+-----+-----------------+----------------+------------+---------------+--------------+----------------------+-------+----------------------+---------------------+
; Name        ; Pin # ; I/O Bank ; LAB ; Output Register ; Slow Slew Rate ; Open Drain ; TRI Primitive ; I/O Standard ; Location assigned by ; Load  ; Output Enable Source ; Output Enable Group ;
+-------------+-------+----------+-----+-----------------+----------------+------------+---------------+--------------+----------------------+-------+----------------------+---------------------+
; BUSACK      ; 44    ; --       ; 3   ; no              ; no             ; no         ; no            ; TTL          ; Fitter               ; 10 pF ; -                    ; -                   ;
; DATAxXFER   ; 6     ; --       ; 1   ; no              ; no             ; no         ; no            ; TTL          ; Fitter               ; 10 pF ; -                    ; -                   ;
; DMAxRDY1    ; 30    ; --       ; 2   ; no              ; no             ; no         ; no            ; TTL          ; Fitter               ; 10 pF ; -                    ; -                   ;
; DMAxRDY2    ; 29    ; --       ; 2   ; no              ; no             ; no         ; no            ; TTL          ; Fitter               ; 10 pF ; -                    ; -                   ;
; IOxSEL      ; 5     ; --       ; 1   ; no              ; no             ; no         ; no            ; TTL          ; Fitter               ; 10 pF ; -                    ; -                   ;
; ~BUSxEN     ; 12    ; --       ; 1   ; no              ; no             ; no         ; no            ; TTL          ; Fitter               ; 10 pF ; -                    ; -                   ;
; ~CSxMAP     ; 36    ; --       ; 2   ; no              ; no             ; no         ; no            ; TTL          ; Fitter               ; 10 pF ; -                    ; -                   ;
; ~CSxUART    ; 33    ; --       ; 2   ; no              ; no             ; no         ; no            ; TTL          ; Fitter               ; 10 pF ; -                    ; -                   ;
; ~DMAxCS1    ; 8     ; --       ; 1   ; no              ; no             ; no         ; no            ; TTL          ; Fitter               ; 10 pF ; -                    ; -                   ;
; ~DMAxCS2    ; 4     ; --       ; 1   ; no              ; no             ; no         ; no            ; TTL          ; Fitter               ; 10 pF ; -                    ; -                   ;
; ~DMAxRESET1 ; 28    ; --       ; 2   ; no              ; no             ; no         ; no            ; TTL          ; Fitter               ; 10 pF ; -                    ; -                   ;
; ~DMAxRESET2 ; 31    ; --       ; 2   ; no              ; no             ; no         ; no            ; TTL          ; Fitter               ; 10 pF ; -                    ; -                   ;
; ~FPxLATCH   ; 9     ; --       ; 1   ; no              ; no             ; no         ; no            ; TTL          ; Fitter               ; 10 pF ; -                    ; -                   ;
+-------------+-------+----------+-----+-----------------+----------------+------------+---------------+--------------+----------------------+-------+----------------------+---------------------+


+--------------------------------------------------------------------------------------------------------+
; All Package Pins                                                                                       ;
+----------+------------+----------+-----------------+--------+--------------+---------+-----------------+
; Location ; Pad Number ; I/O Bank ; Pin Name/Usage  ; Dir.   ; I/O Standard ; Voltage ; User Assignment ;
+----------+------------+----------+-----------------+--------+--------------+---------+-----------------+
; 1        ; 0          ; --       ; ~CPUxRESET      ; input  ; TTL          ;         ; N               ;
; 2        ; 1          ; --       ; GND+            ;        ;              ;         ;                 ;
; 3        ; 2          ; --       ; VCCINT          ; power  ;              ; 5.0V    ;                 ;
; 4        ; 3          ; --       ; ~DMAxCS2        ; output ; TTL          ;         ; N               ;
; 5        ; 4          ; --       ; IOxSEL          ; output ; TTL          ;         ; N               ;
; 6        ; 5          ; --       ; DATAxXFER       ; output ; TTL          ;         ; N               ;
; 7        ; 6          ; --       ; GND             ; gnd    ;              ;         ;                 ;
; 8        ; 7          ; --       ; ~DMAxCS1        ; output ; TTL          ;         ; N               ;
; 9        ; 8          ; --       ; ~FPxLATCH       ; output ; TTL          ;         ; N               ;
; 10       ; 9          ; --       ; ~BUSRQ          ; input  ; TTL          ;         ; N               ;
; 11       ; 10         ; --       ; R7              ; input  ; TTL          ;         ; N               ;
; 12       ; 11         ; --       ; ~BUSxEN         ; output ; TTL          ;         ; N               ;
; 13       ; 12         ; --       ; VCCIO           ; power  ;              ; 5.0V    ;                 ;
; 14       ; 13         ; --       ; TDI             ; input  ; TTL          ;         ; N               ;
; 15       ; 14         ; --       ; Q2              ; input  ; TTL          ;         ; N               ;
; 16       ; 15         ; --       ; Q3              ; input  ; TTL          ;         ; N               ;
; 17       ; 16         ; --       ; ~DREQ1          ; input  ; TTL          ;         ; N               ;
; 18       ; 17         ; --       ; Q5              ; input  ; TTL          ;         ; N               ;
; 19       ; 18         ; --       ; GND             ; gnd    ;              ;         ;                 ;
; 20       ; 19         ; --       ; CPUxA2          ; input  ; TTL          ;         ; N               ;
; 21       ; 20         ; --       ; RESERVED        ;        ;              ;         ;                 ;
; 22       ; 21         ; --       ; RESERVED        ;        ;              ;         ;                 ;
; 23       ; 22         ; --       ; TMS             ; input  ; TTL          ;         ; N               ;
; 24       ; 23         ; --       ; CPUxA3          ; input  ; TTL          ;         ; N               ;
; 25       ; 24         ; --       ; R4              ; input  ; TTL          ;         ; N               ;
; 26       ; 25         ; --       ; VCCIO           ; power  ;              ; 5.0V    ;                 ;
; 27       ; 26         ; --       ; CPUxA0          ; input  ; TTL          ;         ; N               ;
; 28       ; 27         ; --       ; ~DMAxRESET1     ; output ; TTL          ;         ; N               ;
; 29       ; 28         ; --       ; DMAxRDY2        ; output ; TTL          ;         ; N               ;
; 30       ; 29         ; --       ; DMAxRDY1        ; output ; TTL          ;         ; N               ;
; 31       ; 30         ; --       ; ~DMAxRESET2     ; output ; TTL          ;         ; N               ;
; 32       ; 31         ; --       ; GND             ; gnd    ;              ;         ;                 ;
; 33       ; 32         ; --       ; ~CSxUART        ; output ; TTL          ;         ; N               ;
; 34       ; 33         ; --       ; CPUxA1          ; input  ; TTL          ;         ; N               ;
; 35       ; 34         ; --       ; ~DMAxINTxPULSE2 ; input  ; TTL          ;         ; N               ;
; 36       ; 35         ; --       ; ~CSxMAP         ; output ; TTL          ;         ; N               ;
; 37       ; 36         ; --       ; CPU-D0          ; input  ; TTL          ;         ; N               ;
; 38       ; 37         ; --       ; VCCIO           ; power  ;              ; 5.0V    ;                 ;
; 39       ; 38         ; --       ; RESERVED        ;        ;              ;         ;                 ;
; 40       ; 39         ; --       ; RESERVED        ;        ;              ;         ;                 ;
; 41       ; 40         ; --       ; RESERVED        ;        ;              ;         ;                 ;
; 42       ; 41         ; --       ; GND             ; gnd    ;              ;         ;                 ;
; 43       ; 42         ; --       ; VCCINT          ; power  ;              ; 5.0V    ;                 ;
; 44       ; 43         ; --       ; BUSACK          ; output ; TTL          ;         ; N               ;
; 45       ; 44         ; --       ; RESERVED        ;        ;              ;         ;                 ;
; 46       ; 45         ; --       ; CPU-D1          ; input  ; TTL          ;         ; N               ;
; 47       ; 46         ; --       ; GND             ; gnd    ;              ;         ;                 ;
; 48       ; 47         ; --       ; RESERVED        ;        ;              ;         ;                 ;
; 49       ; 48         ; --       ; CPUxA4          ; input  ; TTL          ;         ; N               ;
; 50       ; 49         ; --       ; CPUxA7          ; input  ; TTL          ;         ; N               ;
; 51       ; 50         ; --       ; CPUxA6          ; input  ; TTL          ;         ; N               ;
; 52       ; 51         ; --       ; CPUxA5          ; input  ; TTL          ;         ; N               ;
; 53       ; 52         ; --       ; VCCIO           ; power  ;              ; 5.0V    ;                 ;
; 54       ; 53         ; --       ; RESERVED        ;        ;              ;         ;                 ;
; 55       ; 54         ; --       ; RESERVED        ;        ;              ;         ;                 ;
; 56       ; 55         ; --       ; R5              ; input  ; TTL          ;         ; N               ;
; 57       ; 56         ; --       ; RESERVED        ;        ;              ;         ;                 ;
; 58       ; 57         ; --       ; R6              ; input  ; TTL          ;         ; N               ;
; 59       ; 58         ; --       ; GND             ; gnd    ;              ;         ;                 ;
; 60       ; 59         ; --       ; ~CPUxM1         ; input  ; TTL          ;         ; N               ;
; 61       ; 60         ; --       ; ~CPUxIORQ       ; input  ; TTL          ;         ; N               ;
; 62       ; 61         ; --       ; TCK             ; input  ; TTL          ;         ; N               ;
; 63       ; 62         ; --       ; RESERVED        ;        ;              ;         ;                 ;
; 64       ; 63         ; --       ; RESERVED        ;        ;              ;         ;                 ;
; 65       ; 64         ; --       ; RESERVED        ;        ;              ;         ;                 ;
; 66       ; 65         ; --       ; VCCIO           ; power  ;              ; 5.0V    ;                 ;
; 67       ; 66         ; --       ; ~DMAxBAO2       ; input  ; TTL          ;         ; N               ;
; 68       ; 67         ; --       ; ~CPUxWR         ; input  ; TTL          ;         ; N               ;
; 69       ; 68         ; --       ; Q4              ; input  ; TTL          ;         ; N               ;
; 70       ; 69         ; --       ; ~DREQ0          ; input  ; TTL          ;         ; N               ;
; 71       ; 70         ; --       ; TDO             ; output ; TTL          ;         ; N               ;
; 72       ; 71         ; --       ; GND             ; gnd    ;              ;         ;                 ;
; 73       ; 72         ; --       ; RESERVED        ;        ;              ;         ;                 ;
; 74       ; 73         ; --       ; ~CPUxWAIT       ; input  ; TTL          ;         ; N               ;
; 75       ; 74         ; --       ; CPU-D3          ; input  ; TTL          ;         ; N               ;
; 76       ; 75         ; --       ; CPU-D2          ; input  ; TTL          ;         ; N               ;
; 77       ; 76         ; --       ; RESERVED        ;        ;              ;         ;                 ;
; 78       ; 77         ; --       ; VCCIO           ; power  ;              ; 5.0V    ;                 ;
; 79       ; 78         ; --       ; ~DMAxINTxPULSE1 ; input  ; TTL          ;         ; N               ;
; 80       ; 79         ; --       ; Q7              ; input  ; TTL          ;         ; N               ;
; 81       ; 80         ; --       ; Q6              ; input  ; TTL          ;         ; N               ;
; 82       ; 81         ; --       ; GND             ; gnd    ;              ;         ;                 ;
; 83       ; 82         ; --       ; GND+            ;        ;              ;         ;                 ;
; 84       ; 83         ; --       ; ~CPUxBUSACK     ; input  ; TTL          ;         ; N               ;
+----------+------------+----------+-----------------+--------+--------------+---------+-----------------+
Note: Pin directions (input, output or bidir) are based on device operating in user mode.


+--------------------------------------------------------------------------------------------------+
; I/O Standard                                                                                     ;
+--------------+------------+----------------------+-------------------+-------------------+-------+
; I/O Standard ; Input Vref ; Dedicated Input Pins ; Pins in I/O Bank1 ; Pins in I/O Bank2 ; Total ;
+--------------+------------+----------------------+-------------------+-------------------+-------+
; TTL          ; -          ; 2                    ; 0                 ; 0                 ; 2     ;
+--------------+------------+----------------------+-------------------+-------------------+-------+


+---------------------------------------------------------------------------+
; Dedicated Inputs I/O                                                      ;
+-------------+-------+-------+-------+--------------+------------+---------+
; Name        ; Pin # ; Type  ; VCCIO ; I/O Standard ; Input Vref ; Current ;
+-------------+-------+-------+-------+--------------+------------+---------+
; ~CPUxBUSACK ; 84    ; Input ; --    ; TTL          ; -          ; 0 mA    ;
; ~CPUxRESET  ; 1     ; Input ; --    ; TTL          ; -          ; 0 mA    ;
+-------------+-------+-------+-------+--------------+------------+---------+


+-----------------------------------------------+
; Output Pin Default Load For Reported TCO      ;
+--------------+-------+------------------------+
; I/O Standard ; Load  ; Termination Resistance ;
+--------------+-------+------------------------+
; 3.3-V LVTTL  ; 10 pF ; Not Available          ;
; 3.3-V LVCMOS ; 10 pF ; Not Available          ;
; TTL          ; 10 pF ; Not Available          ;
+--------------+-------+------------------------+
Note: User assignments will override these defaults. The user specified values are listed in the Output Pins and Bidir Pins tables.


+----------------------------------------------------------------------------------------------------------------------------------------------------------+
; Fitter Resource Utilization by Entity                                                                                                                    ;
+----------------------------------------------+------------+------+------------------------------------------------------------------------+--------------+
; Compilation Hierarchy Node                   ; Macrocells ; Pins ; Full Hierarchy Name                                                    ; Library Name ;
+----------------------------------------------+------------+------+------------------------------------------------------------------------+--------------+
; |Z80-processor-DMA                           ; 33         ; 51   ; |Z80-processor-DMA                                                     ; work         ;
;    |74139:74139_i2|                          ; 3          ; 0    ; |Z80-processor-DMA|74139:74139_i2                                      ; work         ;
;       |Demux2:Demux2_i1|                     ; 3          ; 0    ; |Z80-processor-DMA|74139:74139_i2|Demux2:Demux2_i1                     ; work         ;
;    |74175:74175_i4|                          ; 4          ; 0    ; |Z80-processor-DMA|74175:74175_i4                                      ; work         ;
;       |DIG_D_FF_AS_Nbit:DIG_D_FF_AS_Nbit_i0| ; 4          ; 0    ; |Z80-processor-DMA|74175:74175_i4|DIG_D_FF_AS_Nbit:DIG_D_FF_AS_Nbit_i0 ; work         ;
;    |74688:74688_i0|                          ; 3          ; 0    ; |Z80-processor-DMA|74688:74688_i0                                      ; work         ;
;    |74688:74688_i1|                          ; 2          ; 0    ; |Z80-processor-DMA|74688:74688_i1                                      ; work         ;
+----------------------------------------------+------------+------+------------------------------------------------------------------------+--------------+


+---------------------------------------------------------------------------------------------------+
; Control Signals                                                                                   ;
+------------+----------+---------+--------------+--------+----------------------+------------------+
; Name       ; Location ; Fan-Out ; Usage        ; Global ; Global Resource Used ; Global Line Name ;
+------------+----------+---------+--------------+--------+----------------------+------------------+
; s10~4      ; SEXP19   ; 4       ; Clock        ; no     ; --                   ; --               ;
; ~CPUxRESET ; PIN_1    ; 6       ; Async. clear ; yes    ; On                   ; --               ;
+------------+----------+---------+--------------+--------+----------------------+------------------+


+---------------------------------------------------------------------------+
; Global & Other Fast Signals                                               ;
+------------+----------+---------+----------------------+------------------+
; Name       ; Location ; Fan-Out ; Global Resource Used ; Global Line Name ;
+------------+----------+---------+----------------------+------------------+
; ~CPUxRESET ; PIN_1    ; 6       ; On                   ; --               ;
+------------+----------+---------+----------------------+------------------+


+------------------------------------------------------------------------+
; Non-Global High Fan-Out Signals                                        ;
+--------------------------------------------------------------+---------+
; Name                                                         ; Fan-Out ;
+--------------------------------------------------------------+---------+
; CPUxA6                                                       ; 13      ;
; Q6                                                           ; 7       ;
; CPUxA7                                                       ; 7       ;
; CPUxA5                                                       ; 7       ;
; CPUxA4                                                       ; 7       ;
; ~CPUxM1                                                      ; 7       ;
; ~CPUxIORQ                                                    ; 7       ;
; CPUxA3                                                       ; 7       ;
; R6                                                           ; 6       ;
; ~CPUxBUSACK                                                  ; 6       ;
; ~BUSRQ                                                       ; 6       ;
; Q3                                                           ; 5       ;
; CPUxA1                                                       ; 5       ;
; Q7                                                           ; 4       ;
; Q5                                                           ; 4       ;
; Q4                                                           ; 4       ;
; Q2                                                           ; 4       ;
; CPUxA2                                                       ; 4       ;
; s10~4                                                        ; 4       ;
; R7                                                           ; 3       ;
; R5                                                           ; 3       ;
; R4                                                           ; 3       ;
; ~CPUxWAIT                                                    ; 3       ;
; CPUxA0                                                       ; 3       ;
; s10~8                                                        ; 2       ;
; 74688:74688_i0|~EQ~10                                        ; 2       ;
; CPU-D3                                                       ; 1       ;
; CPU-D2                                                       ; 1       ;
; CPU-D1                                                       ; 1       ;
; CPU-D0                                                       ; 1       ;
; ~DMAxBAO2                                                    ; 1       ;
; ~CPUxWR                                                      ; 1       ;
; ~DREQ1                                                       ; 1       ;
; ~DREQ0                                                       ; 1       ;
; ~DMAxINTxPULSE2                                              ; 1       ;
; ~DMAxINTxPULSE1                                              ; 1       ;
; ~BUSxEN~14                                                   ; 1       ;
; ~BUSxEN~9                                                    ; 1       ;
; s10~20                                                       ; 1       ;
; s10~14                                                       ; 1       ;
; 74139:74139_i2|Demux2:Demux2_i1|out_2~13                     ; 1       ;
; 74139:74139_i2|Demux2:Demux2_i1|out_2~9                      ; 1       ;
; ~CSxUART~9                                                   ; 1       ;
; ~CSxUART~7                                                   ; 1       ;
; ~CSxMAP~9                                                    ; 1       ;
; ~CSxMAP~7                                                    ; 1       ;
; 74688:74688_i1|~EQ~12                                        ; 1       ;
; 74688:74688_i0|~EQ~18                                        ; 1       ;
; 74688:74688_i0|~EQ~13                                        ; 1       ;
; ~BUSxEN~7                                                    ; 1       ;
; ~BUSxEN~1                                                    ; 1       ;
; ~DMAxCS2_temp~4                                              ; 1       ;
; ~DMAxCS1_temp~6                                              ; 1       ;
; ~DMAxRESET2~2                                                ; 1       ;
; ~DMAxRESET1~2                                                ; 1       ;
; DMAxRDY2~1                                                   ; 1       ;
; DMAxRDY1~1                                                   ; 1       ;
; 74175:74175_i4|DIG_D_FF_AS_Nbit:DIG_D_FF_AS_Nbit_i0|state[0] ; 1       ;
; 74175:74175_i4|DIG_D_FF_AS_Nbit:DIG_D_FF_AS_Nbit_i0|state[1] ; 1       ;
; 74175:74175_i4|DIG_D_FF_AS_Nbit:DIG_D_FF_AS_Nbit_i0|state[2] ; 1       ;
; 74175:74175_i4|DIG_D_FF_AS_Nbit:DIG_D_FF_AS_Nbit_i0|state[3] ; 1       ;
; 74139:74139_i2|Demux2:Demux2_i1|out_2~7                      ; 1       ;
; 74139:74139_i2|Demux2:Demux2_i1|out_2~2                      ; 1       ;
; ~CSxUART~4                                                   ; 1       ;
; ~CSxMAP~4                                                    ; 1       ;
; IOxSEL~1                                                     ; 1       ;
; 74688:74688_i1|~EQ~9                                         ; 1       ;
; DATAxXFER~3                                                  ; 1       ;
; ~DMAxBAO2~1                                                  ; 1       ;
+--------------------------------------------------------------+---------+


+-------------------------------------------------+
; Other Routing Usage Summary                     ;
+-----------------------------+-------------------+
; Other Routing Resource Type ; Usage             ;
+-----------------------------+-------------------+
; Output enables              ; 0 / 6 ( 0 % )     ;
; PIA buffers                 ; 50 / 144 ( 35 % ) ;
+-----------------------------+-------------------+


+----------------------------------------------------------------------+
; LAB Macrocells                                                       ;
+----------------------------------------+-----------------------------+
; Number of Macrocells  (Average = 8.25) ; Number of LABs  (Total = 3) ;
+----------------------------------------+-----------------------------+
; 0                                      ; 1                           ;
; 1                                      ; 1                           ;
; 2                                      ; 0                           ;
; 3                                      ; 0                           ;
; 4                                      ; 0                           ;
; 5                                      ; 0                           ;
; 6                                      ; 0                           ;
; 7                                      ; 0                           ;
; 8                                      ; 0                           ;
; 9                                      ; 0                           ;
; 10                                     ; 0                           ;
; 11                                     ; 0                           ;
; 12                                     ; 0                           ;
; 13                                     ; 0                           ;
; 14                                     ; 0                           ;
; 15                                     ; 0                           ;
; 16                                     ; 2                           ;
+----------------------------------------+-----------------------------+


+---------------------------------------------------------+
; Parallel Expander                                       ;
+--------------------------+------------------------------+
; Parallel Expander Length ; Number of Parallel Expanders ;
+--------------------------+------------------------------+
; 0                        ; 0                            ;
; 1                        ; 1                            ;
; 2                        ; 6                            ;
+--------------------------+------------------------------+


+-------------------------------------------------------------------------------+
; Shareable Expander                                                            ;
+-------------------------------------------------+-----------------------------+
; Number of shareable expanders  (Average = 0.75) ; Number of LABs  (Total = 2) ;
+-------------------------------------------------+-----------------------------+
; 0                                               ; 2                           ;
; 1                                               ; 1                           ;
; 2                                               ; 1                           ;
+-------------------------------------------------+-----------------------------+


+-------------------------------------------------------------------------------------------------------------------------------------------------------------------------+
; Logic Cell Interconnection                                                                                                                                              ;
+-----+------------+-----------------------------------------------------------------------------------------------------------+------------------------------------------+
; LAB ; Logic Cell ; Input                                                                                                     ; Output                                   ;
+-----+------------+-----------------------------------------------------------------------------------------------------------+------------------------------------------+
;  A  ; LC8        ; ~BUSxEN~9, CPUxA4, Q4, ~CPUxBUSACK, ~BUSRQ, CPUxA5, Q5, CPUxA6, Q6                                        ; ~BUSxEN~7                                ;
;  A  ; LC14       ; ~DMAxINTxPULSE1, ~DMAxINTxPULSE2, ~BUSRQ, ~CPUxBUSACK                                                     ; DATAxXFER                                ;
;  A  ; LC6        ; 74688:74688_i0|~EQ~18, CPUxA6, Q6, CPUxA7, Q7, ~CPUxIORQ, ~CPUxM1                                         ; IOxSEL~1, ~DMAxCS1_temp~6                ;
;  A  ; LC3        ; s10~20, CPUxA6, Q6, CPUxA7, Q7, ~CPUxIORQ, ~CPUxM1                                                        ; s10~4, ~DMAxCS2_temp~4                   ;
;  A  ; LC15       ; 74688:74688_i0|~EQ~10, 74688:74688_i1|~EQ~9                                                               ; IOxSEL                                   ;
;  A  ; LC12       ; 74139:74139_i2|Demux2:Demux2_i1|out_2~13, CPUxA6, Q6, CPUxA7, Q7, 74139:74139_i2|Demux2:Demux2_i1|out_2~2 ; ~FPxLATCH                                ;
;  A  ; LC13       ; ~CPUxWAIT, ~CPUxBUSACK, ~BUSRQ, CPUxA1, CPUxA0, 74688:74688_i0|~EQ~10                                     ; ~DMAxCS1                                 ;
;  A  ; LC16       ; ~CPUxWAIT, ~CPUxBUSACK, ~BUSRQ, CPUxA1, s10~8                                                             ; ~DMAxCS2                                 ;
;  A  ; LC9        ; ~BUSxEN~14, CPUxA6, Q6, ~CPUxBUSACK, ~BUSRQ, CPUxA7, Q7, ~CPUxWAIT, ~BUSxEN~1                             ; ~BUSxEN                                  ;
;  A  ; LC4        ; CPUxA2, Q2, CPUxA3, Q3                                                                                    ; 74688:74688_i0|~EQ~18                    ;
;  A  ; LC5        ; 74688:74688_i0|~EQ~13, CPUxA4, Q4, CPUxA5, Q5, CPUxA6, Q6                                                 ; 74688:74688_i0|~EQ~10                    ;
;  A  ; LC10       ; CPUxA2, Q2, CPUxA3, Q3                                                                                    ; 74139:74139_i2|Demux2:Demux2_i1|out_2~13 ;
;  A  ; LC11       ; 74139:74139_i2|Demux2:Demux2_i1|out_2~9, CPUxA3, Q3, CPUxA4, Q4, CPUxA5, Q5                               ; 74139:74139_i2|Demux2:Demux2_i1|out_2~7  ;
;  A  ; LC1        ; CPUxA0, CPUxA2, Q2, CPUxA3, Q3                                                                            ; s10~20                                   ;
;  A  ; LC2        ; s10~14, CPUxA4, Q4, CPUxA5, Q5, CPUxA6, Q6                                                                ; s10~8                                    ;
;  A  ; LC7        ; CPUxA2, Q2, ~CPUxBUSACK, ~BUSRQ, CPUxA3, Q3                                                               ; ~BUSxEN~14                               ;
;  B  ; LC25       ; ~CPUxRESET, 74175:74175_i4|DIG_D_FF_AS_Nbit:DIG_D_FF_AS_Nbit_i0|state[3]                                  ; ~DMAxRESET2                              ;
;  B  ; LC18       ; 74688:74688_i1|~EQ~12, CPUxA6, R6, CPUxA7, R7, ~CPUxIORQ, ~CPUxM1                                         ; IOxSEL~1                                 ;
;  B  ; LC21       ; ~CSxMAP~9, CPUxA6, R6, CPUxA7, R7, ~CPUxIORQ, ~CPUxM1                                                     ; ~CSxMAP                                  ;
;  B  ; LC24       ; ~CSxUART~9, CPUxA6, R6, CPUxA7, R7, ~CPUxIORQ, ~CPUxM1                                                    ; ~CSxUART                                 ;
;  B  ; LC29       ; ~CPUxRESET, CPU-D3, s10~4                                                                                 ; ~DMAxRESET2~2                            ;
;  B  ; LC30       ; ~CPUxRESET, CPU-D2, s10~4                                                                                 ; ~DMAxRESET1~2                            ;
;  B  ; LC17       ; CPUxA4, R4, CPUxA5, R5, CPUxA6, R6                                                                        ; 74688:74688_i1|~EQ~9                     ;
;  B  ; LC19       ; CPUxA3                                                                                                    ; ~CSxMAP~9                                ;
;  B  ; LC20       ; ~CSxMAP~7, CPUxA4, R4, CPUxA5, R5, CPUxA6, R6                                                             ; ~CSxMAP~4                                ;
;  B  ; LC22       ; CPUxA3                                                                                                    ; ~CSxUART~9                               ;
;  B  ; LC23       ; ~CSxUART~7, CPUxA4, R4, CPUxA5, R5, CPUxA6, R6                                                            ; ~CSxUART~4                               ;
;  B  ; LC31       ; ~CPUxRESET, CPU-D1, s10~4                                                                                 ; DMAxRDY2~1                               ;
;  B  ; LC32       ; ~CPUxRESET, CPU-D0, s10~4                                                                                 ; DMAxRDY1~1                               ;
;  B  ; LC26       ; ~DREQ0, 74175:74175_i4|DIG_D_FF_AS_Nbit:DIG_D_FF_AS_Nbit_i0|state[0]                                      ; DMAxRDY1                                 ;
;  B  ; LC27       ; ~DREQ1, 74175:74175_i4|DIG_D_FF_AS_Nbit:DIG_D_FF_AS_Nbit_i0|state[1]                                      ; DMAxRDY2                                 ;
;  B  ; LC28       ; ~CPUxRESET, 74175:74175_i4|DIG_D_FF_AS_Nbit:DIG_D_FF_AS_Nbit_i0|state[2]                                  ; ~DMAxRESET1                              ;
;  C  ; LC33       ; ~DMAxBAO2                                                                                                 ; BUSACK                                   ;
+-----+------------+-----------------------------------------------------------------------------------------------------------+------------------------------------------+


+---------------------------------------------------------------+
; Fitter Device Options                                         ;
+----------------------------------------------+----------------+
; Option                                       ; Setting        ;
+----------------------------------------------+----------------+
; Enable user-supplied start-up clock (CLKUSR) ; Off            ;
; Enable device-wide reset (DEV_CLRn)          ; Off            ;
; Enable device-wide output enable (DEV_OE)    ; Off            ;
; Enable INIT_DONE output                      ; Off            ;
; Configuration scheme                         ; Passive Serial ;
; Security bit                                 ; Off            ;
; Base pin-out file on sameframe device        ; Off            ;
+----------------------------------------------+----------------+


+-----------------+
; Fitter Messages ;
+-----------------+
Warning (20028): Parallel compilation is not licensed and has been disabled
Info (119006): Selected device EPM7064SLC84-10 for design "Z80-processor-DMA"
Info: Quartus II 32-bit Fitter was successful. 0 errors, 1 warning
    Info: Peak virtual memory: 334 megabytes
    Info: Processing ended: Sun Sep 03 21:17:55 2023
    Info: Elapsed time: 00:00:08
    Info: Total CPU time (on all processors): 00:00:06


