------------------------------------------------------------
TimeQuest Timing Analyzer Summary
------------------------------------------------------------

Type  : Setup '74163:inst11|p74163:sub|37'
Slack : -12.000
TNS   : -48.000

Type  : Setup '74163:inst1|p74163:sub|37'
Slack : -12.000
TNS   : -48.000

Type  : Setup '74163:inst21|p74163:sub|37'
Slack : -12.000
TNS   : -48.000

Type  : Setup '74163:inst22|p74163:sub|37'
Slack : -12.000
TNS   : -48.000

Type  : Setup '74163:inst3|p74163:sub|37'
Slack : -12.000
TNS   : -48.000

Type  : Setup 'Clock'
Slack : -12.000
TNS   : -48.000

Type  : Setup 'freqdiv:inst35|24'
Slack : -12.000
TNS   : -48.000

Type  : Setup '7490:inst25|7'
Slack : -12.000
TNS   : -36.000

Type  : Setup '7490:inst5|7'
Slack : -12.000
TNS   : -36.000

Type  : Setup '74163:inst20|p74163:sub|37'
Slack : -3.500
TNS   : -3.500

Type  : Setup '7490:inst5|19'
Slack : -3.500
TNS   : -3.500

Type  : Hold '74163:inst11|p74163:sub|37'
Slack : -4.000
TNS   : -16.000

Type  : Hold '74163:inst1|p74163:sub|37'
Slack : -4.000
TNS   : -16.000

Type  : Hold '74163:inst21|p74163:sub|37'
Slack : -4.000
TNS   : -16.000

Type  : Hold '74163:inst22|p74163:sub|37'
Slack : -4.000
TNS   : -16.000

Type  : Hold '74163:inst3|p74163:sub|37'
Slack : -4.000
TNS   : -16.000

Type  : Hold 'freqdiv:inst35|24'
Slack : -4.000
TNS   : -16.000

Type  : Hold '74163:inst20|p74163:sub|37'
Slack : -4.000
TNS   : -4.000

Type  : Hold '7490:inst5|19'
Slack : -4.000
TNS   : -4.000

Type  : Hold '7490:inst5|7'
Slack : -4.000
TNS   : -4.000

Type  : Hold 'Clock'
Slack : 1.000
TNS   : 0.000

Type  : Hold '7490:inst25|7'
Slack : 5.000
TNS   : 0.000

Type  : Minimum Pulse Width '74163:inst11|p74163:sub|37'
Slack : -5.500
TNS   : -44.000

Type  : Minimum Pulse Width '74163:inst1|p74163:sub|37'
Slack : -5.500
TNS   : -44.000

Type  : Minimum Pulse Width '74163:inst21|p74163:sub|37'
Slack : -5.500
TNS   : -44.000

Type  : Minimum Pulse Width '74163:inst22|p74163:sub|37'
Slack : -5.500
TNS   : -44.000

Type  : Minimum Pulse Width '74163:inst3|p74163:sub|37'
Slack : -5.500
TNS   : -44.000

Type  : Minimum Pulse Width 'freqdiv:inst35|24'
Slack : -5.500
TNS   : -44.000

Type  : Minimum Pulse Width '7490:inst25|7'
Slack : -5.500
TNS   : -33.000

Type  : Minimum Pulse Width '7490:inst5|7'
Slack : -5.500
TNS   : -33.000

Type  : Minimum Pulse Width '74163:inst20|p74163:sub|37'
Slack : -5.500
TNS   : -11.000

Type  : Minimum Pulse Width '7490:inst5|19'
Slack : -5.500
TNS   : -11.000

Type  : Minimum Pulse Width 'Clock'
Slack : -4.500
TNS   : -36.000

------------------------------------------------------------
