Module: /mnt/fileserver/Vintage/Projects/duodyne/25 processor.80c188/firmware/BIOS/libc.c
GROUP: 'DGROUP' CONST,CONST2,_DATA

File contains no line numbers.
Segment: _TEXT BYTE USE16 0000008C bytes
0000                          strlen_:
0000    53                        push        bx 
0001    89 C3                     mov         bx,ax 
0003    8E C2                     mov         es,dx 
0005    31 C0                     xor         ax,ax 
0007                          L$1:
0007    26 80 3F 00               cmp         byte ptr es:[bx],0x00 
000B    74 04                     je          L$2 
000D    40                        inc         ax 
000E    43                        inc         bx 
000F    EB F6                     jmp         L$1 
0011                          L$2:
0011    5B                        pop         bx 
0012    C3                        ret         

Routine Size: 19 bytes,    Routine Base: _TEXT + 0000

0013                          strchr_:
0013    51                        push        cx 
0014    89 C1                     mov         cx,ax 
0016    89 D8                     mov         ax,bx 
0018    89 CB                     mov         bx,cx 
001A    8E C2                     mov         es,dx 
001C                          L$3:
001C    26 80 3F 00               cmp         byte ptr es:[bx],0x00 
0020    74 10                     je          L$5 
0022    26 8A 17                  mov         dl,byte ptr es:[bx] 
0025    30 F6                     xor         dh,dh 
0027    39 C2                     cmp         dx,ax 
0029    75 04                     jne         L$4 
002B    8C C2                     mov         dx,es 
002D    EB 07                     jmp         L$6 
002F                          L$4:
002F    43                        inc         bx 
0030    EB EA                     jmp         L$3 
0032                          L$5:
0032    31 DB                     xor         bx,bx 
0034    31 D2                     xor         dx,dx 
0036                          L$6:
0036    89 D8                     mov         ax,bx 
0038    59                        pop         cx 
0039    C3                        ret         

Routine Size: 39 bytes,    Routine Base: _TEXT + 0013

003A                          atoi_:
003A    53                        push        bx 
003B    51                        push        cx 
003C    89 C3                     mov         bx,ax 
003E    8E C2                     mov         es,dx 
0040    31 C0                     xor         ax,ax 
0042                          L$7:
0042    26 8A 17                  mov         dl,byte ptr es:[bx] 
0045    80 FA 30                  cmp         dl,0x30 
0048    72 14                     jb          L$8 
004A    80 FA 39                  cmp         dl,0x39 
004D    77 0F                     ja          L$8 
004F    6B C8 0A                  imul        cx,ax,0x000a 
0052    88 D0                     mov         al,dl 
0054    30 E4                     xor         ah,ah 
0056    01 C8                     add         ax,cx 
0058    2D 30 00                  sub         ax,0x0030 
005B    43                        inc         bx 
005C    EB E4                     jmp         L$7 
005E                          L$8:
005E    59                        pop         cx 
005F    5B                        pop         bx 

Routine Size: 38 bytes,    Routine Base: _TEXT + 003A

0060                          _small_code_:
0060    C3                        ret         

Routine Size: 1 bytes,    Routine Base: _TEXT + 0060

0061                          log2_:
0061    53                        push        bx 
0062    51                        push        cx 
0063    89 C3                     mov         bx,ax 
0065    89 D1                     mov         cx,dx 
0067    89 C2                     mov         dx,ax 
0069    83 C2 FF                  add         dx,0xffff 
006C    89 C8                     mov         ax,cx 
006E    15 FF FF                  adc         ax,0xffff 
0071    85 C1                     test        cx,ax 
0073    75 08                     jne         L$9 
0075    85 D3                     test        bx,dx 
0077    75 04                     jne         L$9 
0079    89 D3                     mov         bx,dx 
007B    89 C1                     mov         cx,ax 
007D                          L$9:
007D    31 C0                     xor         ax,ax 
007F                          L$10:
007F    89 CA                     mov         dx,cx 
0081    09 DA                     or          dx,bx 
0083    74 D9                     je          L$8 
0085    D1 E9                     shr         cx,0x01 
0087    D1 DB                     rcr         bx,0x01 
0089    40                        inc         ax 
008A    EB F3                     jmp         L$10 

Routine Size: 43 bytes,    Routine Base: _TEXT + 0061

No disassembly errors

Segment: CONST WORD USE16 00000000 bytes

Segment: CONST2 WORD USE16 00000000 bytes

Segment: _DATA WORD USE16 00000000 bytes

