Open Watcom Linker Version 1.9
Portions Copyright (c) 1985-2002 Sybase, Inc. All Rights Reserved.
Created on:       24/12/09 02:25:15
Executable Image: rbios.exe
creating a DOS executable


                        +------------+
                        |   Groups   |
                        +------------+

Group                           Address              Size
=====                           =======              ====

DGROUP                          0414:0008            00000a58



                        +--------------+
                        |   Segments   |
                        +--------------+

Segment                Class          Group          Address         Size
=======                =====          =====          =======         ====

_TEXT                  CODE           AUTO           0000:0000       00004148
CONST                  DATA           DGROUP         0414:0008       000008b4
CONST2                 DATA           DGROUP         049f:000c       0000019a
_DATA                  DATA           DGROUP         04ba:0000       00000000
_BSS                   BSS            DGROUP         04ba:0000       00000000


                        +----------------+
                        |   Memory Map   |
                        +----------------+

* = unreferenced symbol
+ = symbol only referenced locally

Address        Symbol
=======        ======

Module: copyrght.obj(copyrght.asm)
0000:0000*     begin_here
0000:0003      ident2
0000:0132*     _unique
0000:00f0*     FPEM_segment
Module: rbios.obj(rbios.asm)
0000:0150      cold_boot
0000:03e5*     get_vector
0000:03f8*     set_vector
0000:040d      cpu_table_init
0000:0427      @divLS
0000:043e      @remLS
0000:0451      @mulLS
0000:0464*     @microsecond
0000:0466      microsecond
0000:046c*     ticktime
0000:06db      @rtc_get_loc
0000:06db      rtc_get_loc
0000:070c      @rtc_set_loc
0000:070c      rtc_set_loc
0000:073d*     lites
0414:0136      _bios_data_area_ptr
Module: cbios.lib(/mnt/fileserver/Vintage/Projects/duodyne/25 processor.80c188/firmware/BIOS/cprintf.c)
0000:0910*     nstring_
0000:0942      _cprintf
Module: cbios.lib(/mnt/fileserver/Vintage/Projects/duodyne/25 processor.80c188/firmware/BIOS/nvram.c)
0414:0918+     _rates
0000:0c52+     set_battery_
0000:0d81+     idow_
0000:0e81+     Date_
0000:112d+     Time_
0000:12f3+     setup_serial_
0000:13b3+     floppy_ask_
0000:142e+     Floppy_
0000:148a      @nvram_check
0000:14b7+     setup_ppide_
0000:14f8+     setup_usb_
0000:1533*     setup_fixed_boot_
0000:15c7+     setup_boot_sig_check_
0000:1643+     putstring_
0000:16bf+     p_bda_fx_
0000:1711+     @setup_fixed_disk
0000:19fd*     put_char_array_
0000:1a24      @nvram_apply
0000:1c51      @nvram_setup
0000:1d3b      @nvram_get_video
Module: abios.lib(int10ser.asm)
0000:1d5a      BIOS_call_10h
0000:2230      video_init
0000:2487      @VIDEO_putchar
0000:2487      @uart_putchar
Module: abios.lib(int16.asm)
0000:2494      BIOS_call_16h
0000:2556      multiio_kbd_hook
0000:2594      uart_int
0000:265d      keyboard_init
0000:2692      @uart_getchar
0000:2699      I8242CommandPut_
0000:26ac      I8242GetValue_
Module: abios.lib(timers.asm)
0000:26c4      _cpu_speed
0000:26f2      @timer_init
0000:2736*     timer2_interrupt
0000:273b      timer1_interrupt
0000:273e      timer0_interrupt
0000:278d      BIOS_call_1Ah
0000:27c8      BIOS_call_1Ch
Module: abios.lib(floppy.asm)
0000:28f8      BIOS_call_13h
0000:2a0b      wait12
0000:2ad6      fdc_timer_hook
0000:2aec      @floppy_init
0000:2d88*     motor_on
Module: abios.lib(ide.asm)
0000:2e74      FIXED_BIOS_call_13h
0000:2ea7*     FIXED_timeout
0000:2eab*     FIXED_error
0000:2ead*     FIXED_exit_AH
0000:2eb7*     _get_IDE_num
0000:2eb7      get_IDE_num
0000:2ed2*     fixed_device_code
Module: abios.lib(int14ser.asm)
0000:2eda      BIOS_call_14h
Module: abios.lib(misc15.asm)
0000:2fac      BIOS_call_15h
0000:307b*     set_count
0000:311b      rtc_interrupt
Module: abios.lib(int17par.asm)
0000:3156      BIOS_call_17h
Module: cbios.lib(/mnt/fileserver/Vintage/Projects/duodyne/25 processor.80c188/firmware/BIOS/libc.c)
0000:31ba      strlen_
0000:31cd*     strchr_
0000:31f4      atoi_
0000:321a      _small_code_
0000:321b*     log2_
Module: cbios.lib(/mnt/fileserver/Vintage/Projects/duodyne/25 processor.80c188/firmware/BIOS/sio.c)
0000:3246+     putchar_
0000:3267+     putline_
0000:327b+     getchar_
0000:32ad      getline_
0414:093a+     _uart_echo
Module: abios.lib(ppide.asm)
0000:3374      _PPIDE_READ_ID
0000:33aa*     _PPIDE_READ_SECTOR
0000:3413*     _PPIDE_WRITE_SECTOR
0000:3551*     PPIDE_BIOS_call_13h
0000:355b      PPIDE_entry
Module: abios.lib(usb.asm)
0000:37cc      _USB_READ_ID
0000:387c*     _USB_READ_SECTOR
0000:395f*     _USB_WRITE_SECTOR
0000:39bc      USB_entry
Module: cbios.lib(/mnt/fileserver/Vintage/Projects/duodyne/25 processor.80c188/firmware/BIOS/kbd.c)
0000:3db7+     PurgeQueue_
0000:3dd8      Init8242_
0000:3e0e+     I8242PutKeyboard_
0000:3e2d+     I8242UpdateLites_
0000:3e6b      @I8242process
Warning! W1014: stack segment not found


                        +--------------------+
                        |   Libraries Used   |
                        +--------------------+

abios.lib
cbios.lib


                        +-----------------------+
                        |   Linker Statistics   |
                        +-----------------------+

Stack size:  0400 (1024.)
Memory size:  4ba0 (19360.)
Entry point address: 0000:0000
Link time: 00:00.06
